// Jest Snapshot v1, https://goo.gl/fbAQLP

exports[`<Button /> shoud match snapshot 1`] = `
<button
  class="btn"
>
  load more
</button>
`;
